// Jest Snapshot v1, https://goo.gl/fbAQLP

exports[`Header should match snapshot 1`] = `
ShallowWrapper {
  Symbol(enzyme.__root__): [Circular],
  Symbol(enzyme.__unrendered__): <Header
    googleSignIn={[MockFunction]}
    location={
      Object {
        "pathname": "/",
      }
    }
    signOut={[MockFunction]}
    user={
      Object {
        "isAdmin": true,
        "isApproved": true,
      }
    }
  />,
  Symbol(enzyme.__renderer__): Object {
    "batchedUpdates": [Function],
    "checkPropTypes": [Function],
    "getNode": [Function],
    "render": [Function],
    "simulateError": [Function],
    "simulateEvent": [Function],
    "unmount": [Function],
  },
  Symbol(enzyme.__node__): Object {
    "instance": null,
    "key": undefined,
    "nodeType": "host",
    "props": Object {
      "children": Array [
        <WithStyles(AppBar)
          position="static"
        >
          <WithStyles(Toolbar)
            className={null}
          >
            <WithStyles(IconButton)
              aria-label="Menu"
              className={null}
              color="inherit"
              id="menu-btn"
              onClick={[Function]}
            >
              <pure(MenuIcon) />
            </WithStyles(IconButton)>
            <WithStyles(Typography)
              className={null}
              color="inherit"
              variant="h6"
            >
              Catholic Gators Admin
            </WithStyles(Typography)>
            <div
              className={null}
            >
              <NavLink
                activeClassName={null}
                aria-current="page"
                className={null}
                exact={true}
                to="/"
              >
                <WithStyles(Typography)
                  className={null}
                >
                  Contact Form
                </WithStyles(Typography)>
              </NavLink>
              <NavLink
                activeClassName={null}
                aria-current="page"
                className={null}
                exact={true}
                to="/my-contacts"
              >
                <WithStyles(Typography)
                  className={null}
                >
                  My Contacts
                </WithStyles(Typography)>
              </NavLink>
              <NavLink
                activeClassName={null}
                aria-current="page"
                className={null}
                exact={true}
                to="/admin"
              >
                <WithStyles(Typography)
                  className={null}
                >
                  Admin
                </WithStyles(Typography)>
              </NavLink>
              <WithStyles(ToolbarAvatar)
                login={[Function]}
                logout={[Function]}
                user={
                  Object {
                    "isAdmin": true,
                    "isApproved": true,
                  }
                }
              />
            </div>
          </WithStyles(Toolbar)>
        </WithStyles(AppBar)>,
        <WithStyles(MobileDrawer)
          closeDrawer={[Function]}
          isOpen={false}
          login={[Function]}
          logout={[Function]}
          menuLinks={
            Array [
              Object {
                "href": "/",
                "icon": [Function],
                "needsAuthorization": false,
                "text": "Contact Form",
              },
              Object {
                "href": "/my-contacts",
                "icon": [Function],
                "needsAuthorization": false,
                "text": "My Contacts",
              },
              Object {
                "href": "/admin",
                "icon": [Function],
                "needsAuthorization": true,
                "text": "Admin",
              },
            ]
          }
          selectedPath="/"
          user={
            Object {
              "isAdmin": true,
              "isApproved": true,
            }
          }
        />,
      ],
      "className": null,
    },
    "ref": null,
    "rendered": Array [
      Object {
        "instance": null,
        "key": undefined,
        "nodeType": "class",
        "props": Object {
          "children": <WithStyles(Toolbar)
            className={null}
          >
            <WithStyles(IconButton)
              aria-label="Menu"
              className={null}
              color="inherit"
              id="menu-btn"
              onClick={[Function]}
            >
              <pure(MenuIcon) />
            </WithStyles(IconButton)>
            <WithStyles(Typography)
              className={null}
              color="inherit"
              variant="h6"
            >
              Catholic Gators Admin
            </WithStyles(Typography)>
            <div
              className={null}
            >
              <NavLink
                activeClassName={null}
                aria-current="page"
                className={null}
                exact={true}
                to="/"
              >
                <WithStyles(Typography)
                  className={null}
                >
                  Contact Form
                </WithStyles(Typography)>
              </NavLink>
              <NavLink
                activeClassName={null}
                aria-current="page"
                className={null}
                exact={true}
                to="/my-contacts"
              >
                <WithStyles(Typography)
                  className={null}
                >
                  My Contacts
                </WithStyles(Typography)>
              </NavLink>
              <NavLink
                activeClassName={null}
                aria-current="page"
                className={null}
                exact={true}
                to="/admin"
              >
                <WithStyles(Typography)
                  className={null}
                >
                  Admin
                </WithStyles(Typography)>
              </NavLink>
              <WithStyles(ToolbarAvatar)
                login={[Function]}
                logout={[Function]}
                user={
                  Object {
                    "isAdmin": true,
                    "isApproved": true,
                  }
                }
              />
            </div>
          </WithStyles(Toolbar)>,
          "position": "static",
        },
        "ref": null,
        "rendered": Object {
          "instance": null,
          "key": undefined,
          "nodeType": "class",
          "props": Object {
            "children": Array [
              <WithStyles(IconButton)
                aria-label="Menu"
                className={null}
                color="inherit"
                id="menu-btn"
                onClick={[Function]}
              >
                <pure(MenuIcon) />
              </WithStyles(IconButton)>,
              <WithStyles(Typography)
                className={null}
                color="inherit"
                variant="h6"
              >
                Catholic Gators Admin
              </WithStyles(Typography)>,
              <div
                className={null}
              >
                <NavLink
                  activeClassName={null}
                  aria-current="page"
                  className={null}
                  exact={true}
                  to="/"
                >
                  <WithStyles(Typography)
                    className={null}
                  >
                    Contact Form
                  </WithStyles(Typography)>
                </NavLink>
                <NavLink
                  activeClassName={null}
                  aria-current="page"
                  className={null}
                  exact={true}
                  to="/my-contacts"
                >
                  <WithStyles(Typography)
                    className={null}
                  >
                    My Contacts
                  </WithStyles(Typography)>
                </NavLink>
                <NavLink
                  activeClassName={null}
                  aria-current="page"
                  className={null}
                  exact={true}
                  to="/admin"
                >
                  <WithStyles(Typography)
                    className={null}
                  >
                    Admin
                  </WithStyles(Typography)>
                </NavLink>
                <WithStyles(ToolbarAvatar)
                  login={[Function]}
                  logout={[Function]}
                  user={
                    Object {
                      "isAdmin": true,
                      "isApproved": true,
                    }
                  }
                />
              </div>,
            ],
            "className": null,
          },
          "ref": null,
          "rendered": Array [
            Object {
              "instance": null,
              "key": undefined,
              "nodeType": "class",
              "props": Object {
                "aria-label": "Menu",
                "children": <pure(MenuIcon) />,
                "className": null,
                "color": "inherit",
                "id": "menu-btn",
                "onClick": [Function],
              },
              "ref": null,
              "rendered": Object {
                "instance": null,
                "key": undefined,
                "nodeType": "class",
                "props": Object {},
                "ref": null,
                "rendered": null,
                "type": [Function],
              },
              "type": [Function],
            },
            Object {
              "instance": null,
              "key": undefined,
              "nodeType": "class",
              "props": Object {
                "children": "Catholic Gators Admin",
                "className": null,
                "color": "inherit",
                "variant": "h6",
              },
              "ref": null,
              "rendered": "Catholic Gators Admin",
              "type": [Function],
            },
            Object {
              "instance": null,
              "key": undefined,
              "nodeType": "host",
              "props": Object {
                "children": Array [
                  Array [
                    <NavLink
                      activeClassName={null}
                      aria-current="page"
                      className={null}
                      exact={true}
                      to="/"
                    >
                      <WithStyles(Typography)
                        className={null}
                      >
                        Contact Form
                      </WithStyles(Typography)>
                    </NavLink>,
                    <NavLink
                      activeClassName={null}
                      aria-current="page"
                      className={null}
                      exact={true}
                      to="/my-contacts"
                    >
                      <WithStyles(Typography)
                        className={null}
                      >
                        My Contacts
                      </WithStyles(Typography)>
                    </NavLink>,
                    <NavLink
                      activeClassName={null}
                      aria-current="page"
                      className={null}
                      exact={true}
                      to="/admin"
                    >
                      <WithStyles(Typography)
                        className={null}
                      >
                        Admin
                      </WithStyles(Typography)>
                    </NavLink>,
                  ],
                  <WithStyles(ToolbarAvatar)
                    login={[Function]}
                    logout={[Function]}
                    user={
                      Object {
                        "isAdmin": true,
                        "isApproved": true,
                      }
                    }
                  />,
                ],
                "className": null,
              },
              "ref": null,
              "rendered": Array [
                Object {
                  "instance": null,
                  "key": "Contact Form",
                  "nodeType": "function",
                  "props": Object {
                    "activeClassName": null,
                    "aria-current": "page",
                    "children": <WithStyles(Typography)
                      className={null}
                    >
                      Contact Form
                    </WithStyles(Typography)>,
                    "className": null,
                    "exact": true,
                    "to": "/",
                  },
                  "ref": null,
                  "rendered": Object {
                    "instance": null,
                    "key": undefined,
                    "nodeType": "class",
                    "props": Object {
                      "children": "Contact Form",
                      "className": null,
                    },
                    "ref": null,
                    "rendered": "Contact Form",
                    "type": [Function],
                  },
                  "type": [Function],
                },
                Object {
                  "instance": null,
                  "key": "My Contacts",
                  "nodeType": "function",
                  "props": Object {
                    "activeClassName": null,
                    "aria-current": "page",
                    "children": <WithStyles(Typography)
                      className={null}
                    >
                      My Contacts
                    </WithStyles(Typography)>,
                    "className": null,
                    "exact": true,
                    "to": "/my-contacts",
                  },
                  "ref": null,
                  "rendered": Object {
                    "instance": null,
                    "key": undefined,
                    "nodeType": "class",
                    "props": Object {
                      "children": "My Contacts",
                      "className": null,
                    },
                    "ref": null,
                    "rendered": "My Contacts",
                    "type": [Function],
                  },
                  "type": [Function],
                },
                Object {
                  "instance": null,
                  "key": "Admin",
                  "nodeType": "function",
                  "props": Object {
                    "activeClassName": null,
                    "aria-current": "page",
                    "children": <WithStyles(Typography)
                      className={null}
                    >
                      Admin
                    </WithStyles(Typography)>,
                    "className": null,
                    "exact": true,
                    "to": "/admin",
                  },
                  "ref": null,
                  "rendered": Object {
                    "instance": null,
                    "key": undefined,
                    "nodeType": "class",
                    "props": Object {
                      "children": "Admin",
                      "className": null,
                    },
                    "ref": null,
                    "rendered": "Admin",
                    "type": [Function],
                  },
                  "type": [Function],
                },
                Object {
                  "instance": null,
                  "key": undefined,
                  "nodeType": "class",
                  "props": Object {
                    "login": [Function],
                    "logout": [Function],
                    "user": Object {
                      "isAdmin": true,
                      "isApproved": true,
                    },
                  },
                  "ref": null,
                  "rendered": null,
                  "type": [Function],
                },
              ],
              "type": "div",
            },
          ],
          "type": [Function],
        },
        "type": [Function],
      },
      Object {
        "instance": null,
        "key": undefined,
        "nodeType": "class",
        "props": Object {
          "closeDrawer": [Function],
          "isOpen": false,
          "login": [Function],
          "logout": [Function],
          "menuLinks": Array [
            Object {
              "href": "/",
              "icon": [Function],
              "needsAuthorization": false,
              "text": "Contact Form",
            },
            Object {
              "href": "/my-contacts",
              "icon": [Function],
              "needsAuthorization": false,
              "text": "My Contacts",
            },
            Object {
              "href": "/admin",
              "icon": [Function],
              "needsAuthorization": true,
              "text": "Admin",
            },
          ],
          "selectedPath": "/",
          "user": Object {
            "isAdmin": true,
            "isApproved": true,
          },
        },
        "ref": null,
        "rendered": null,
        "type": [Function],
      },
    ],
    "type": "div",
  },
  Symbol(enzyme.__nodes__): Array [
    Object {
      "instance": null,
      "key": undefined,
      "nodeType": "host",
      "props": Object {
        "children": Array [
          <WithStyles(AppBar)
            position="static"
          >
            <WithStyles(Toolbar)
              className={null}
            >
              <WithStyles(IconButton)
                aria-label="Menu"
                className={null}
                color="inherit"
                id="menu-btn"
                onClick={[Function]}
              >
                <pure(MenuIcon) />
              </WithStyles(IconButton)>
              <WithStyles(Typography)
                className={null}
                color="inherit"
                variant="h6"
              >
                Catholic Gators Admin
              </WithStyles(Typography)>
              <div
                className={null}
              >
                <NavLink
                  activeClassName={null}
                  aria-current="page"
                  className={null}
                  exact={true}
                  to="/"
                >
                  <WithStyles(Typography)
                    className={null}
                  >
                    Contact Form
                  </WithStyles(Typography)>
                </NavLink>
                <NavLink
                  activeClassName={null}
                  aria-current="page"
                  className={null}
                  exact={true}
                  to="/my-contacts"
                >
                  <WithStyles(Typography)
                    className={null}
                  >
                    My Contacts
                  </WithStyles(Typography)>
                </NavLink>
                <NavLink
                  activeClassName={null}
                  aria-current="page"
                  className={null}
                  exact={true}
                  to="/admin"
                >
                  <WithStyles(Typography)
                    className={null}
                  >
                    Admin
                  </WithStyles(Typography)>
                </NavLink>
                <WithStyles(ToolbarAvatar)
                  login={[Function]}
                  logout={[Function]}
                  user={
                    Object {
                      "isAdmin": true,
                      "isApproved": true,
                    }
                  }
                />
              </div>
            </WithStyles(Toolbar)>
          </WithStyles(AppBar)>,
          <WithStyles(MobileDrawer)
            closeDrawer={[Function]}
            isOpen={false}
            login={[Function]}
            logout={[Function]}
            menuLinks={
              Array [
                Object {
                  "href": "/",
                  "icon": [Function],
                  "needsAuthorization": false,
                  "text": "Contact Form",
                },
                Object {
                  "href": "/my-contacts",
                  "icon": [Function],
                  "needsAuthorization": false,
                  "text": "My Contacts",
                },
                Object {
                  "href": "/admin",
                  "icon": [Function],
                  "needsAuthorization": true,
                  "text": "Admin",
                },
              ]
            }
            selectedPath="/"
            user={
              Object {
                "isAdmin": true,
                "isApproved": true,
              }
            }
          />,
        ],
        "className": null,
      },
      "ref": null,
      "rendered": Array [
        Object {
          "instance": null,
          "key": undefined,
          "nodeType": "class",
          "props": Object {
            "children": <WithStyles(Toolbar)
              className={null}
            >
              <WithStyles(IconButton)
                aria-label="Menu"
                className={null}
                color="inherit"
                id="menu-btn"
                onClick={[Function]}
              >
                <pure(MenuIcon) />
              </WithStyles(IconButton)>
              <WithStyles(Typography)
                className={null}
                color="inherit"
                variant="h6"
              >
                Catholic Gators Admin
              </WithStyles(Typography)>
              <div
                className={null}
              >
                <NavLink
                  activeClassName={null}
                  aria-current="page"
                  className={null}
                  exact={true}
                  to="/"
                >
                  <WithStyles(Typography)
                    className={null}
                  >
                    Contact Form
                  </WithStyles(Typography)>
                </NavLink>
                <NavLink
                  activeClassName={null}
                  aria-current="page"
                  className={null}
                  exact={true}
                  to="/my-contacts"
                >
                  <WithStyles(Typography)
                    className={null}
                  >
                    My Contacts
                  </WithStyles(Typography)>
                </NavLink>
                <NavLink
                  activeClassName={null}
                  aria-current="page"
                  className={null}
                  exact={true}
                  to="/admin"
                >
                  <WithStyles(Typography)
                    className={null}
                  >
                    Admin
                  </WithStyles(Typography)>
                </NavLink>
                <WithStyles(ToolbarAvatar)
                  login={[Function]}
                  logout={[Function]}
                  user={
                    Object {
                      "isAdmin": true,
                      "isApproved": true,
                    }
                  }
                />
              </div>
            </WithStyles(Toolbar)>,
            "position": "static",
          },
          "ref": null,
          "rendered": Object {
            "instance": null,
            "key": undefined,
            "nodeType": "class",
            "props": Object {
              "children": Array [
                <WithStyles(IconButton)
                  aria-label="Menu"
                  className={null}
                  color="inherit"
                  id="menu-btn"
                  onClick={[Function]}
                >
                  <pure(MenuIcon) />
                </WithStyles(IconButton)>,
                <WithStyles(Typography)
                  className={null}
                  color="inherit"
                  variant="h6"
                >
                  Catholic Gators Admin
                </WithStyles(Typography)>,
                <div
                  className={null}
                >
                  <NavLink
                    activeClassName={null}
                    aria-current="page"
                    className={null}
                    exact={true}
                    to="/"
                  >
                    <WithStyles(Typography)
                      className={null}
                    >
                      Contact Form
                    </WithStyles(Typography)>
                  </NavLink>
                  <NavLink
                    activeClassName={null}
                    aria-current="page"
                    className={null}
                    exact={true}
                    to="/my-contacts"
                  >
                    <WithStyles(Typography)
                      className={null}
                    >
                      My Contacts
                    </WithStyles(Typography)>
                  </NavLink>
                  <NavLink
                    activeClassName={null}
                    aria-current="page"
                    className={null}
                    exact={true}
                    to="/admin"
                  >
                    <WithStyles(Typography)
                      className={null}
                    >
                      Admin
                    </WithStyles(Typography)>
                  </NavLink>
                  <WithStyles(ToolbarAvatar)
                    login={[Function]}
                    logout={[Function]}
                    user={
                      Object {
                        "isAdmin": true,
                        "isApproved": true,
                      }
                    }
                  />
                </div>,
              ],
              "className": null,
            },
            "ref": null,
            "rendered": Array [
              Object {
                "instance": null,
                "key": undefined,
                "nodeType": "class",
                "props": Object {
                  "aria-label": "Menu",
                  "children": <pure(MenuIcon) />,
                  "className": null,
                  "color": "inherit",
                  "id": "menu-btn",
                  "onClick": [Function],
                },
                "ref": null,
                "rendered": Object {
                  "instance": null,
                  "key": undefined,
                  "nodeType": "class",
                  "props": Object {},
                  "ref": null,
                  "rendered": null,
                  "type": [Function],
                },
                "type": [Function],
              },
              Object {
                "instance": null,
                "key": undefined,
                "nodeType": "class",
                "props": Object {
                  "children": "Catholic Gators Admin",
                  "className": null,
                  "color": "inherit",
                  "variant": "h6",
                },
                "ref": null,
                "rendered": "Catholic Gators Admin",
                "type": [Function],
              },
              Object {
                "instance": null,
                "key": undefined,
                "nodeType": "host",
                "props": Object {
                  "children": Array [
                    Array [
                      <NavLink
                        activeClassName={null}
                        aria-current="page"
                        className={null}
                        exact={true}
                        to="/"
                      >
                        <WithStyles(Typography)
                          className={null}
                        >
                          Contact Form
                        </WithStyles(Typography)>
                      </NavLink>,
                      <NavLink
                        activeClassName={null}
                        aria-current="page"
                        className={null}
                        exact={true}
                        to="/my-contacts"
                      >
                        <WithStyles(Typography)
                          className={null}
                        >
                          My Contacts
                        </WithStyles(Typography)>
                      </NavLink>,
                      <NavLink
                        activeClassName={null}
                        aria-current="page"
                        className={null}
                        exact={true}
                        to="/admin"
                      >
                        <WithStyles(Typography)
                          className={null}
                        >
                          Admin
                        </WithStyles(Typography)>
                      </NavLink>,
                    ],
                    <WithStyles(ToolbarAvatar)
                      login={[Function]}
                      logout={[Function]}
                      user={
                        Object {
                          "isAdmin": true,
                          "isApproved": true,
                        }
                      }
                    />,
                  ],
                  "className": null,
                },
                "ref": null,
                "rendered": Array [
                  Object {
                    "instance": null,
                    "key": "Contact Form",
                    "nodeType": "function",
                    "props": Object {
                      "activeClassName": null,
                      "aria-current": "page",
                      "children": <WithStyles(Typography)
                        className={null}
                      >
                        Contact Form
                      </WithStyles(Typography)>,
                      "className": null,
                      "exact": true,
                      "to": "/",
                    },
                    "ref": null,
                    "rendered": Object {
                      "instance": null,
                      "key": undefined,
                      "nodeType": "class",
                      "props": Object {
                        "children": "Contact Form",
                        "className": null,
                      },
                      "ref": null,
                      "rendered": "Contact Form",
                      "type": [Function],
                    },
                    "type": [Function],
                  },
                  Object {
                    "instance": null,
                    "key": "My Contacts",
                    "nodeType": "function",
                    "props": Object {
                      "activeClassName": null,
                      "aria-current": "page",
                      "children": <WithStyles(Typography)
                        className={null}
                      >
                        My Contacts
                      </WithStyles(Typography)>,
                      "className": null,
                      "exact": true,
                      "to": "/my-contacts",
                    },
                    "ref": null,
                    "rendered": Object {
                      "instance": null,
                      "key": undefined,
                      "nodeType": "class",
                      "props": Object {
                        "children": "My Contacts",
                        "className": null,
                      },
                      "ref": null,
                      "rendered": "My Contacts",
                      "type": [Function],
                    },
                    "type": [Function],
                  },
                  Object {
                    "instance": null,
                    "key": "Admin",
                    "nodeType": "function",
                    "props": Object {
                      "activeClassName": null,
                      "aria-current": "page",
                      "children": <WithStyles(Typography)
                        className={null}
                      >
                        Admin
                      </WithStyles(Typography)>,
                      "className": null,
                      "exact": true,
                      "to": "/admin",
                    },
                    "ref": null,
                    "rendered": Object {
                      "instance": null,
                      "key": undefined,
                      "nodeType": "class",
                      "props": Object {
                        "children": "Admin",
                        "className": null,
                      },
                      "ref": null,
                      "rendered": "Admin",
                      "type": [Function],
                    },
                    "type": [Function],
                  },
                  Object {
                    "instance": null,
                    "key": undefined,
                    "nodeType": "class",
                    "props": Object {
                      "login": [Function],
                      "logout": [Function],
                      "user": Object {
                        "isAdmin": true,
                        "isApproved": true,
                      },
                    },
                    "ref": null,
                    "rendered": null,
                    "type": [Function],
                  },
                ],
                "type": "div",
              },
            ],
            "type": [Function],
          },
          "type": [Function],
        },
        Object {
          "instance": null,
          "key": undefined,
          "nodeType": "class",
          "props": Object {
            "closeDrawer": [Function],
            "isOpen": false,
            "login": [Function],
            "logout": [Function],
            "menuLinks": Array [
              Object {
                "href": "/",
                "icon": [Function],
                "needsAuthorization": false,
                "text": "Contact Form",
              },
              Object {
                "href": "/my-contacts",
                "icon": [Function],
                "needsAuthorization": false,
                "text": "My Contacts",
              },
              Object {
                "href": "/admin",
                "icon": [Function],
                "needsAuthorization": true,
                "text": "Admin",
              },
            ],
            "selectedPath": "/",
            "user": Object {
              "isAdmin": true,
              "isApproved": true,
            },
          },
          "ref": null,
          "rendered": null,
          "type": [Function],
        },
      ],
      "type": "div",
    },
  ],
  Symbol(enzyme.__options__): Object {
    "adapter": ReactSixteenAdapter {
      "options": Object {
        "enableComponentDidUpdateOnSetState": true,
        "legacyContextMode": "parent",
        "lifecycles": Object {
          "componentDidUpdate": Object {
            "onSetState": true,
          },
          "getChildContext": Object {
            "calledByRenderer": false,
          },
          "getDerivedStateFromError": true,
          "getDerivedStateFromProps": Object {
            "hasShouldComponentUpdateBug": false,
          },
          "getSnapshotBeforeUpdate": true,
          "setState": Object {
            "skipsComponentDidUpdateOnNullish": true,
          },
        },
      },
    },
    Symbol(enzyme.__providerValues__): undefined,
  },
  Symbol(enzyme.__providerValues__): Map {},
  Symbol(enzyme.__childContext__): null,
}
`;
