// Jest Snapshot v1, https://goo.gl/fbAQLP

exports[`Header should match snapshot 1`] = `
<div
  className="test"
>
  <WithStyles(ForwardRef(AppBar))
    position="static"
  >
    <WithStyles(ForwardRef(Toolbar))
      className="test"
    >
      <WithStyles(ForwardRef(IconButton))
        aria-label="Menu"
        className="test"
        color="inherit"
        id="menu-btn"
        onClick={[Function]}
      >
        <MenuIcon />
      </WithStyles(ForwardRef(IconButton))>
      <WithStyles(ForwardRef(Typography))
        className="test"
        color="inherit"
        variant="h6"
      >
        Catholic Gators Admin
      </WithStyles(ForwardRef(Typography))>
      <div
        className="test"
      >
        <NavLink
          activeClassName="test"
          className="test"
          exact={true}
          key="Contact Form"
          to="/"
        >
          <WithStyles(ForwardRef(Typography))
            className="test"
          >
            Contact Form
          </WithStyles(ForwardRef(Typography))>
        </NavLink>
        <NavLink
          activeClassName="test"
          className="test"
          exact={false}
          key="My Contacts"
          to="/my-contacts"
        >
          <WithStyles(ForwardRef(Typography))
            className="test"
          >
            My Contacts
          </WithStyles(ForwardRef(Typography))>
        </NavLink>
        <NavLink
          activeClassName="test"
          className="test"
          exact={false}
          key="Admin"
          to="/admin"
        >
          <WithStyles(ForwardRef(Typography))
            className="test"
          >
            Admin
          </WithStyles(ForwardRef(Typography))>
        </NavLink>
        <WithStyles(ToolbarAvatar)
          login={[Function]}
          logout={[Function]}
          user={
            Object {
              "isAdmin": true,
              "isApproved": true,
            }
          }
        />
      </div>
    </WithStyles(ForwardRef(Toolbar))>
  </WithStyles(ForwardRef(AppBar))>
  <WithStyles(MobileDrawer)
    closeDrawer={[Function]}
    isOpen={false}
    login={[Function]}
    logout={[Function]}
    menuLinks={
      Array [
        Object {
          "href": "/",
          "icon": Object {
            "$$typeof": Symbol(react.memo),
            "compare": null,
            "displayName": "FormatAlignLeftIcon",
            "muiName": "SvgIcon",
            "type": Object {
              "$$typeof": Symbol(react.forward_ref),
              "render": [Function],
            },
          },
          "needsAuthorization": false,
          "text": "Contact Form",
        },
        Object {
          "href": "/my-contacts",
          "icon": Object {
            "$$typeof": Symbol(react.memo),
            "compare": null,
            "displayName": "InboxIcon",
            "muiName": "SvgIcon",
            "type": Object {
              "$$typeof": Symbol(react.forward_ref),
              "render": [Function],
            },
          },
          "needsAuthorization": false,
          "text": "My Contacts",
        },
        Object {
          "href": "/admin",
          "icon": Object {
            "$$typeof": Symbol(react.memo),
            "compare": null,
            "displayName": "VpnKeyIcon",
            "muiName": "SvgIcon",
            "type": Object {
              "$$typeof": Symbol(react.forward_ref),
              "render": [Function],
            },
          },
          "needsAuthorization": true,
          "text": "Admin",
        },
      ]
    }
    selectedPath="/"
    user={
      Object {
        "isAdmin": true,
        "isApproved": true,
      }
    }
  />
</div>
`;
