// Jest Snapshot v1, https://goo.gl/fbAQLP

exports[`MobileDrawer should match snapshot 1`] = `
<WithStyles(ForwardRef(Drawer))
  onClose={[Function]}
  open={false}
>
  <div
    className="test"
  >
    <div
      className="test"
    >
      <div
        className="test"
      >
        <WithStyles(ForwardRef(Avatar))
          className="test"
          id="avatar"
        />
        <div>
          <WithStyles(ForwardRef(Typography))
            className="test"
            variant="h6"
          />
          <WithStyles(ForwardRef(Typography))
            className="test"
            variant="subtitle1"
          />
        </div>
      </div>
    </div>
    <WithStyles(ForwardRef(Divider)) />
    <WithStyles(ForwardRef(List))>
      <NavLink
        className="test"
        exact={true}
        key="Contact Form"
        onClick={[Function]}
        to="/"
      >
        <WithStyles(ForwardRef(ListItem))
          button={true}
          key="Contact Form"
          selected={true}
        >
          <WithStyles(ForwardRef(ListItemIcon))>
            <FormatAlignLeftIcon />
          </WithStyles(ForwardRef(ListItemIcon))>
          <WithStyles(ForwardRef(ListItemText))
            primary="Contact Form"
          />
        </WithStyles(ForwardRef(ListItem))>
      </NavLink>
      <NavLink
        className="test"
        exact={true}
        key="My Contacts"
        onClick={[Function]}
        to="/my-contacts"
      >
        <WithStyles(ForwardRef(ListItem))
          button={true}
          key="My Contacts"
          selected={false}
        >
          <WithStyles(ForwardRef(ListItemIcon))>
            <InboxIcon />
          </WithStyles(ForwardRef(ListItemIcon))>
          <WithStyles(ForwardRef(ListItemText))
            primary="My Contacts"
          />
        </WithStyles(ForwardRef(ListItem))>
      </NavLink>
      <NavLink
        className="test"
        exact={true}
        key="Admin"
        onClick={[Function]}
        to="/admin"
      >
        <WithStyles(ForwardRef(ListItem))
          button={true}
          key="Admin"
          selected={false}
        >
          <WithStyles(ForwardRef(ListItemIcon))>
            <VpnKeyIcon />
          </WithStyles(ForwardRef(ListItemIcon))>
          <WithStyles(ForwardRef(ListItemText))
            primary="Admin"
          />
        </WithStyles(ForwardRef(ListItem))>
      </NavLink>
    </WithStyles(ForwardRef(List))>
  </div>
  <div>
    <WithStyles(ForwardRef(Divider)) />
    <WithStyles(ForwardRef(ListItem))
      button={true}
      id="logout-btn"
      key="logout"
      onClick={[Function]}
    >
      <WithStyles(ForwardRef(ListItemIcon))>
        <ExitToAppIcon />
      </WithStyles(ForwardRef(ListItemIcon))>
      <WithStyles(ForwardRef(ListItemText))
        color="error"
        primary="Logout"
      />
    </WithStyles(ForwardRef(ListItem))>
  </div>
</WithStyles(ForwardRef(Drawer))>
`;
