// Jest Snapshot v1, https://goo.gl/fbAQLP

exports[`UserTable should match snapshot 1`] = `
<WithStyles(ForwardRef(Paper))
  className="test"
>
  <WithStyles(UserTableToolbar)
    handleBatchApprove={[Function]}
    handleBatchAuthorize={[Function]}
    handleBatchDelete={[Function]}
    numSelected={0}
  />
  <WithStyles(ForwardRef(Table))>
    <WithStyles(ForwardRef(TableHead))>
      <WithStyles(ForwardRef(TableRow))>
        <WithStyles(ForwardRef(TableCell))
          padding="checkbox"
        >
          <WithStyles(ForwardRef(Checkbox))
            checked={false}
            indeterminate={false}
            onChange={[Function]}
          />
        </WithStyles(ForwardRef(TableCell))>
        <WithStyles(ForwardRef(TableCell))
          className="test"
        >
          Profile Pic
        </WithStyles(ForwardRef(TableCell))>
        <WithStyles(ForwardRef(TableCell))
          className="test"
        >
          Name
        </WithStyles(ForwardRef(TableCell))>
        <WithStyles(ForwardRef(TableCell))>
          Email
        </WithStyles(ForwardRef(TableCell))>
        <WithStyles(ForwardRef(TableCell))>
          Approved
        </WithStyles(ForwardRef(TableCell))>
        <WithStyles(ForwardRef(TableCell))>
          Admin
        </WithStyles(ForwardRef(TableCell))>
      </WithStyles(ForwardRef(TableRow))>
    </WithStyles(ForwardRef(TableHead))>
    <WithStyles(ForwardRef(TableBody))>
      <Connect(WithStyles(UserTableRow))
        handleSelect={[Function]}
        isSelected={false}
        key="1"
        user={
          Object {
            "id": "1",
            "isAdmin": false,
            "name": "Joey",
          }
        }
      />
      <Connect(WithStyles(UserTableRow))
        handleSelect={[Function]}
        isSelected={false}
        key="2"
        user={
          Object {
            "id": "2",
            "isAdmin": false,
            "name": "Ryan",
          }
        }
      />
      <Connect(WithStyles(UserTableRow))
        handleSelect={[Function]}
        isSelected={false}
        key="3"
        user={
          Object {
            "id": "3",
            "isAdmin": true,
            "name": "Espresso Shot Capuccino",
          }
        }
      />
    </WithStyles(ForwardRef(TableBody))>
  </WithStyles(ForwardRef(Table))>
</WithStyles(ForwardRef(Paper))>
`;
