// Jest Snapshot v1, https://goo.gl/fbAQLP

exports[`UserTableRow matches snapshot 1`] = `
<WithStyles(ForwardRef(TableRow))
  aria-checked={true}
  hover={true}
  key="test"
  selected={true}
  tabIndex={-1}
>
  <WithStyles(ForwardRef(TableCell))
    className="test"
    padding="checkbox"
  >
    <WithStyles(ForwardRef(Checkbox))
      checked={true}
      onClick={[Function]}
    />
  </WithStyles(ForwardRef(TableCell))>
  <WithStyles(ForwardRef(TableCell))
    className="test"
  >
    <WithStyles(ForwardRef(Avatar))
      className="test"
    />
    <WithStyles(ForwardRef(IconButton))
      className="test"
      onClick={[Function]}
    >
      <WithStyles(ForwardRef(Avatar))
        src={null}
      >
        <CheckIcon />
      </WithStyles(ForwardRef(Avatar))>
    </WithStyles(ForwardRef(IconButton))>
  </WithStyles(ForwardRef(TableCell))>
  <WithStyles(ForwardRef(TableCell))
    className="test"
  />
  <WithStyles(ForwardRef(TableCell)) />
  <WithStyles(ForwardRef(TableCell))>
    <WithStyles(ForwardRef(Switch))
      id="approve-switch"
      onChange={[Function]}
    />
  </WithStyles(ForwardRef(TableCell))>
  <WithStyles(ForwardRef(TableCell))>
    <WithStyles(ForwardRef(Switch))
      disabled={true}
      id="authorize-switch"
      onChange={[Function]}
    />
  </WithStyles(ForwardRef(TableCell))>
</WithStyles(ForwardRef(TableRow))>
`;
