// Jest Snapshot v1, https://goo.gl/fbAQLP

exports[`Interests should match snapshot 1`] = `
<WithStyles(ForwardRef(Paper))
  className="test"
>
  <WithStyles(ForwardRef(Toolbar))>
    <WithStyles(ForwardRef(Typography))
      variant="h6"
    >
      Edit Interests step of form
    </WithStyles(ForwardRef(Typography))>
    <WithStyles(ForwardRef(Button))
      className="test"
      color="primary"
      id="add-section-btn"
      onClick={[Function]}
      variant="outlined"
    >
      Add Section
    </WithStyles(ForwardRef(Button))>
  </WithStyles(ForwardRef(Toolbar))>
  <div
    className="test"
  >
    <div
      id="section"
      key="test"
    >
      <WithStyles(ForwardRef(Typography))>
        testing
      </WithStyles(ForwardRef(Typography))>
      <WithStyles(EditableOptionRow)
        beginEditingOption={[Function]}
        cancelEditingOption={[Function]}
        deleteOption={[Function]}
        editingOptionId={null}
        key="1"
        option={
          Object {
            "id": "1",
            "text": "totally testing",
          }
        }
        saveOption={[Function]}
      />
      <div
        className="test"
        id="add-option"
      >
        <WithStyles(AddableTextField)
          beginAdding={[Function]}
          cancelAdding={[Function]}
          isAdding={false}
          onAdd={[Function]}
        />
      </div>
    </div>
  </div>
</WithStyles(ForwardRef(Paper))>
`;
