// Jest Snapshot v1, https://goo.gl/fbAQLP

exports[`EditableTextField should match snapshot 1`] = `
<div
  className="test"
>
  <WithStyles(ForwardRef(Typography))>
    totally testing
  </WithStyles(ForwardRef(Typography))>
  <div
    className=""
  >
    <WithStyles(ForwardRef(IconButton))
      id="edit"
      onClick={[Function]}
    >
      <EditIcon />
    </WithStyles(ForwardRef(IconButton))>
    <WithStyles(ForwardRef(IconButton))
      id="delete"
      onClick={[Function]}
    >
      <DeleteIcon />
    </WithStyles(ForwardRef(IconButton))>
  </div>
</div>
`;
