// Jest Snapshot v1, https://goo.gl/fbAQLP

exports[`UserTableToolbar matches snapshot 1`] = `
<WithStyles(ForwardRef(Toolbar))>
  <div
    className="test"
  >
    <WithStyles(ForwardRef(Typography))
      id="title"
      variant="h6"
    >
      Users
    </WithStyles(ForwardRef(Typography))>
  </div>
</WithStyles(ForwardRef(Toolbar))>
`;
