// Jest Snapshot v1, https://goo.gl/fbAQLP

exports[`MyContacts should match snapshot 1`] = `
<div
  className={null}
>
  <WithStyles(ForwardRef(Paper))
    className={null}
  >
    <WithStyles(ForwardRef(Toolbar))>
      <WithStyles(ForwardRef(Typography))
        variant="h6"
      >
        My Contacts
      </WithStyles(ForwardRef(Typography))>
    </WithStyles(ForwardRef(Toolbar))>
    <div
      className={null}
      id="loading-spinner"
    >
      <WithStyles(ForwardRef(CircularProgress))
        size="60px"
      />
    </div>
  </WithStyles(ForwardRef(Paper))>
</div>
`;
