// Jest Snapshot v1, https://goo.gl/fbAQLP

exports[`ToolbarAvatar should match snapshot 1`] = `
<div>
  <WithStyles(ForwardRef(IconButton))
    aria-haspopup="true"
    color="inherit"
    id="avatar-btn"
    onClick={[Function]}
  >
    <WithStyles(ForwardRef(Avatar)) />
  </WithStyles(ForwardRef(IconButton))>
  <WithStyles(ForwardRef(Menu))
    anchorEl={null}
    anchorOrigin={
      Object {
        "horizontal": "right",
        "vertical": "top",
      }
    }
    id="menu"
    onClose={[Function]}
    open={false}
    transformOrigin={
      Object {
        "horizontal": "right",
        "vertical": "top",
      }
    }
  >
    <WithStyles(ForwardRef(MenuItem))
      id="logout"
      onClick={[Function]}
    >
      Logout
    </WithStyles(ForwardRef(MenuItem))>
  </WithStyles(ForwardRef(Menu))>
</div>
`;
