// Jest Snapshot v1, https://goo.gl/fbAQLP

exports[`ContactForm should match snapshot 1`] = `
ShallowWrapper {
  Symbol(enzyme.__root__): [Circular],
  Symbol(enzyme.__unrendered__): <ContactForm
    classes={
      Object {
        "addMatchers": [Function],
        "advanceTimersByTime": [Function],
        "autoMockOff": [Function],
        "autoMockOn": [Function],
        "clearAllMocks": [Function],
        "clearAllTimers": [Function],
        "deepUnmock": [Function],
        "disableAutomock": [Function],
        "doMock": [Function],
        "dontMock": [Function],
        "enableAutomock": [Function],
        "fn": [Function],
        "genMockFromModule": [Function],
        "isMockFunction": [Function],
        "mock": [Function],
        "requireActual": [Function],
        "requireMock": [Function],
        "resetAllMocks": [Function],
        "resetModuleRegistry": [Function],
        "resetModules": [Function],
        "restoreAllMocks": [Function],
        "retryTimes": [Function],
        "runAllImmediates": [Function],
        "runAllTicks": [Function],
        "runAllTimers": [Function],
        "runOnlyPendingTimers": [Function],
        "runTimersToTime": [Function],
        "setMock": [Function],
        "setTimeout": [Function],
        "spyOn": [Function],
        "unmock": [Function],
        "useFakeTimers": [Function],
        "useRealTimers": [Function],
      }
    }
    listenForUser={[MockFunction]}
    submitContactForm={[MockFunction]}
  />,
  Symbol(enzyme.__renderer__): Object {
    "batchedUpdates": [Function],
    "checkPropTypes": [Function],
    "getNode": [Function],
    "render": [Function],
    "simulateError": [Function],
    "simulateEvent": [Function],
    "unmount": [Function],
  },
  Symbol(enzyme.__node__): Object {
    "instance": null,
    "key": undefined,
    "nodeType": "function",
    "props": Object {
      "children": <main>
        <WithStyles(Paper)>
          <WithStyles(Typography)
            align="center"
            component="h1"
            variant="h4"
          >
            Join Catholic Gators
          </WithStyles(Typography)>
          <WithStyles(Stepper)
            activeStep={0}
          >
            <WithStyles(Step)>
              <WithStyles(StepLabel)
                classes={
                  Object {
                    "label": undefined,
                  }
                }
              >
                Personal information
              </WithStyles(StepLabel)>
            </WithStyles(Step)>
            <WithStyles(Step)>
              <WithStyles(StepLabel)
                classes={
                  Object {
                    "label": undefined,
                  }
                }
              >
                Parent's information
              </WithStyles(StepLabel)>
            </WithStyles(Step)>
            <WithStyles(Step)>
              <WithStyles(StepLabel)
                classes={
                  Object {
                    "label": undefined,
                  }
                }
              >
                Your interests
              </WithStyles(StepLabel)>
            </WithStyles(Step)>
          </WithStyles(Stepper)>
          <React.Fragment>
            <WithStyles(PersonalInformation)
              data={
                Object {
                  "RHC": false,
                  "activeStep": 0,
                  "city": "",
                  "email": "",
                  "englishBibleStudy": false,
                  "eventsGraduateStudents": false,
                  "eventsGreekStudents": false,
                  "eventsLatinoStudents": false,
                  "firstName": "",
                  "freeFood": false,
                  "gender": "",
                  "graduationSemester": "",
                  "graduationYear": "",
                  "guestSpeakers": false,
                  "housingComplex": "",
                  "intramuralSports": false,
                  "lastName": "",
                  "musicMinistry": false,
                  "parentEmail": "",
                  "parentName": "",
                  "parentPhone": "",
                  "permanentAddress": "",
                  "phoneNumber": "",
                  "proLifeClub": false,
                  "receiveMonthlyNewsletter": false,
                  "registerAsParishioner": false,
                  "retreats": false,
                  "school": "",
                  "serviceProjects": false,
                  "servingAtMass": false,
                  "socials": false,
                  "spanishBibleStudy": false,
                  "state": "",
                  "teachReligiousEd": false,
                  "zipCode": "",
                }
              }
              handleChange={[Function]}
              handleNext={[Function]}
            />
          </React.Fragment>
        </WithStyles(Paper)>
      </main>,
    },
    "ref": null,
    "rendered": Object {
      "instance": null,
      "key": undefined,
      "nodeType": "host",
      "props": Object {
        "children": <WithStyles(Paper)>
          <WithStyles(Typography)
            align="center"
            component="h1"
            variant="h4"
          >
            Join Catholic Gators
          </WithStyles(Typography)>
          <WithStyles(Stepper)
            activeStep={0}
          >
            <WithStyles(Step)>
              <WithStyles(StepLabel)
                classes={
                  Object {
                    "label": undefined,
                  }
                }
              >
                Personal information
              </WithStyles(StepLabel)>
            </WithStyles(Step)>
            <WithStyles(Step)>
              <WithStyles(StepLabel)
                classes={
                  Object {
                    "label": undefined,
                  }
                }
              >
                Parent's information
              </WithStyles(StepLabel)>
            </WithStyles(Step)>
            <WithStyles(Step)>
              <WithStyles(StepLabel)
                classes={
                  Object {
                    "label": undefined,
                  }
                }
              >
                Your interests
              </WithStyles(StepLabel)>
            </WithStyles(Step)>
          </WithStyles(Stepper)>
          <React.Fragment>
            <WithStyles(PersonalInformation)
              data={
                Object {
                  "RHC": false,
                  "activeStep": 0,
                  "city": "",
                  "email": "",
                  "englishBibleStudy": false,
                  "eventsGraduateStudents": false,
                  "eventsGreekStudents": false,
                  "eventsLatinoStudents": false,
                  "firstName": "",
                  "freeFood": false,
                  "gender": "",
                  "graduationSemester": "",
                  "graduationYear": "",
                  "guestSpeakers": false,
                  "housingComplex": "",
                  "intramuralSports": false,
                  "lastName": "",
                  "musicMinistry": false,
                  "parentEmail": "",
                  "parentName": "",
                  "parentPhone": "",
                  "permanentAddress": "",
                  "phoneNumber": "",
                  "proLifeClub": false,
                  "receiveMonthlyNewsletter": false,
                  "registerAsParishioner": false,
                  "retreats": false,
                  "school": "",
                  "serviceProjects": false,
                  "servingAtMass": false,
                  "socials": false,
                  "spanishBibleStudy": false,
                  "state": "",
                  "teachReligiousEd": false,
                  "zipCode": "",
                }
              }
              handleChange={[Function]}
              handleNext={[Function]}
            />
          </React.Fragment>
        </WithStyles(Paper)>,
        "className": undefined,
      },
      "ref": null,
      "rendered": Object {
        "instance": null,
        "key": undefined,
        "nodeType": "class",
        "props": Object {
          "children": Array [
            <WithStyles(Typography)
              align="center"
              component="h1"
              variant="h4"
            >
              Join Catholic Gators
            </WithStyles(Typography)>,
            <WithStyles(Stepper)
              activeStep={0}
            >
              <WithStyles(Step)>
                <WithStyles(StepLabel)
                  classes={
                    Object {
                      "label": undefined,
                    }
                  }
                >
                  Personal information
                </WithStyles(StepLabel)>
              </WithStyles(Step)>
              <WithStyles(Step)>
                <WithStyles(StepLabel)
                  classes={
                    Object {
                      "label": undefined,
                    }
                  }
                >
                  Parent's information
                </WithStyles(StepLabel)>
              </WithStyles(Step)>
              <WithStyles(Step)>
                <WithStyles(StepLabel)
                  classes={
                    Object {
                      "label": undefined,
                    }
                  }
                >
                  Your interests
                </WithStyles(StepLabel)>
              </WithStyles(Step)>
            </WithStyles(Stepper)>,
            <React.Fragment>
              <WithStyles(PersonalInformation)
                data={
                  Object {
                    "RHC": false,
                    "activeStep": 0,
                    "city": "",
                    "email": "",
                    "englishBibleStudy": false,
                    "eventsGraduateStudents": false,
                    "eventsGreekStudents": false,
                    "eventsLatinoStudents": false,
                    "firstName": "",
                    "freeFood": false,
                    "gender": "",
                    "graduationSemester": "",
                    "graduationYear": "",
                    "guestSpeakers": false,
                    "housingComplex": "",
                    "intramuralSports": false,
                    "lastName": "",
                    "musicMinistry": false,
                    "parentEmail": "",
                    "parentName": "",
                    "parentPhone": "",
                    "permanentAddress": "",
                    "phoneNumber": "",
                    "proLifeClub": false,
                    "receiveMonthlyNewsletter": false,
                    "registerAsParishioner": false,
                    "retreats": false,
                    "school": "",
                    "serviceProjects": false,
                    "servingAtMass": false,
                    "socials": false,
                    "spanishBibleStudy": false,
                    "state": "",
                    "teachReligiousEd": false,
                    "zipCode": "",
                  }
                }
                handleChange={[Function]}
                handleNext={[Function]}
              />
            </React.Fragment>,
          ],
          "className": undefined,
        },
        "ref": null,
        "rendered": Array [
          Object {
            "instance": null,
            "key": undefined,
            "nodeType": "class",
            "props": Object {
              "align": "center",
              "children": "Join Catholic Gators",
              "component": "h1",
              "variant": "h4",
            },
            "ref": null,
            "rendered": "Join Catholic Gators",
            "type": [Function],
          },
          Object {
            "instance": null,
            "key": undefined,
            "nodeType": "class",
            "props": Object {
              "activeStep": 0,
              "children": Array [
                <WithStyles(Step)>
                  <WithStyles(StepLabel)
                    classes={
                      Object {
                        "label": undefined,
                      }
                    }
                  >
                    Personal information
                  </WithStyles(StepLabel)>
                </WithStyles(Step)>,
                <WithStyles(Step)>
                  <WithStyles(StepLabel)
                    classes={
                      Object {
                        "label": undefined,
                      }
                    }
                  >
                    Parent's information
                  </WithStyles(StepLabel)>
                </WithStyles(Step)>,
                <WithStyles(Step)>
                  <WithStyles(StepLabel)
                    classes={
                      Object {
                        "label": undefined,
                      }
                    }
                  >
                    Your interests
                  </WithStyles(StepLabel)>
                </WithStyles(Step)>,
              ],
              "className": undefined,
            },
            "ref": null,
            "rendered": Array [
              Object {
                "instance": null,
                "key": "Personal information",
                "nodeType": "class",
                "props": Object {
                  "children": <WithStyles(StepLabel)
                    classes={
                      Object {
                        "label": undefined,
                      }
                    }
                  >
                    Personal information
                  </WithStyles(StepLabel)>,
                },
                "ref": null,
                "rendered": Object {
                  "instance": null,
                  "key": undefined,
                  "nodeType": "class",
                  "props": Object {
                    "children": "Personal information",
                    "classes": Object {
                      "label": undefined,
                    },
                  },
                  "ref": null,
                  "rendered": "Personal information",
                  "type": [Function],
                },
                "type": [Function],
              },
              Object {
                "instance": null,
                "key": "Parent's information",
                "nodeType": "class",
                "props": Object {
                  "children": <WithStyles(StepLabel)
                    classes={
                      Object {
                        "label": undefined,
                      }
                    }
                  >
                    Parent's information
                  </WithStyles(StepLabel)>,
                },
                "ref": null,
                "rendered": Object {
                  "instance": null,
                  "key": undefined,
                  "nodeType": "class",
                  "props": Object {
                    "children": "Parent's information",
                    "classes": Object {
                      "label": undefined,
                    },
                  },
                  "ref": null,
                  "rendered": "Parent's information",
                  "type": [Function],
                },
                "type": [Function],
              },
              Object {
                "instance": null,
                "key": "Your interests",
                "nodeType": "class",
                "props": Object {
                  "children": <WithStyles(StepLabel)
                    classes={
                      Object {
                        "label": undefined,
                      }
                    }
                  >
                    Your interests
                  </WithStyles(StepLabel)>,
                },
                "ref": null,
                "rendered": Object {
                  "instance": null,
                  "key": undefined,
                  "nodeType": "class",
                  "props": Object {
                    "children": "Your interests",
                    "classes": Object {
                      "label": undefined,
                    },
                  },
                  "ref": null,
                  "rendered": "Your interests",
                  "type": [Function],
                },
                "type": [Function],
              },
            ],
            "type": [Function],
          },
          Object {
            "instance": null,
            "key": undefined,
            "nodeType": "function",
            "props": Object {
              "children": <WithStyles(PersonalInformation)
                data={
                  Object {
                    "RHC": false,
                    "activeStep": 0,
                    "city": "",
                    "email": "",
                    "englishBibleStudy": false,
                    "eventsGraduateStudents": false,
                    "eventsGreekStudents": false,
                    "eventsLatinoStudents": false,
                    "firstName": "",
                    "freeFood": false,
                    "gender": "",
                    "graduationSemester": "",
                    "graduationYear": "",
                    "guestSpeakers": false,
                    "housingComplex": "",
                    "intramuralSports": false,
                    "lastName": "",
                    "musicMinistry": false,
                    "parentEmail": "",
                    "parentName": "",
                    "parentPhone": "",
                    "permanentAddress": "",
                    "phoneNumber": "",
                    "proLifeClub": false,
                    "receiveMonthlyNewsletter": false,
                    "registerAsParishioner": false,
                    "retreats": false,
                    "school": "",
                    "serviceProjects": false,
                    "servingAtMass": false,
                    "socials": false,
                    "spanishBibleStudy": false,
                    "state": "",
                    "teachReligiousEd": false,
                    "zipCode": "",
                  }
                }
                handleChange={[Function]}
                handleNext={[Function]}
              />,
            },
            "ref": null,
            "rendered": Object {
              "instance": null,
              "key": undefined,
              "nodeType": "class",
              "props": Object {
                "data": Object {
                  "RHC": false,
                  "activeStep": 0,
                  "city": "",
                  "email": "",
                  "englishBibleStudy": false,
                  "eventsGraduateStudents": false,
                  "eventsGreekStudents": false,
                  "eventsLatinoStudents": false,
                  "firstName": "",
                  "freeFood": false,
                  "gender": "",
                  "graduationSemester": "",
                  "graduationYear": "",
                  "guestSpeakers": false,
                  "housingComplex": "",
                  "intramuralSports": false,
                  "lastName": "",
                  "musicMinistry": false,
                  "parentEmail": "",
                  "parentName": "",
                  "parentPhone": "",
                  "permanentAddress": "",
                  "phoneNumber": "",
                  "proLifeClub": false,
                  "receiveMonthlyNewsletter": false,
                  "registerAsParishioner": false,
                  "retreats": false,
                  "school": "",
                  "serviceProjects": false,
                  "servingAtMass": false,
                  "socials": false,
                  "spanishBibleStudy": false,
                  "state": "",
                  "teachReligiousEd": false,
                  "zipCode": "",
                },
                "handleChange": [Function],
                "handleNext": [Function],
              },
              "ref": null,
              "rendered": null,
              "type": [Function],
            },
            "type": Symbol(react.fragment),
          },
        ],
        "type": [Function],
      },
      "type": "main",
    },
    "type": Symbol(react.fragment),
  },
  Symbol(enzyme.__nodes__): Array [
    Object {
      "instance": null,
      "key": undefined,
      "nodeType": "function",
      "props": Object {
        "children": <main>
          <WithStyles(Paper)>
            <WithStyles(Typography)
              align="center"
              component="h1"
              variant="h4"
            >
              Join Catholic Gators
            </WithStyles(Typography)>
            <WithStyles(Stepper)
              activeStep={0}
            >
              <WithStyles(Step)>
                <WithStyles(StepLabel)
                  classes={
                    Object {
                      "label": undefined,
                    }
                  }
                >
                  Personal information
                </WithStyles(StepLabel)>
              </WithStyles(Step)>
              <WithStyles(Step)>
                <WithStyles(StepLabel)
                  classes={
                    Object {
                      "label": undefined,
                    }
                  }
                >
                  Parent's information
                </WithStyles(StepLabel)>
              </WithStyles(Step)>
              <WithStyles(Step)>
                <WithStyles(StepLabel)
                  classes={
                    Object {
                      "label": undefined,
                    }
                  }
                >
                  Your interests
                </WithStyles(StepLabel)>
              </WithStyles(Step)>
            </WithStyles(Stepper)>
            <React.Fragment>
              <WithStyles(PersonalInformation)
                data={
                  Object {
                    "RHC": false,
                    "activeStep": 0,
                    "city": "",
                    "email": "",
                    "englishBibleStudy": false,
                    "eventsGraduateStudents": false,
                    "eventsGreekStudents": false,
                    "eventsLatinoStudents": false,
                    "firstName": "",
                    "freeFood": false,
                    "gender": "",
                    "graduationSemester": "",
                    "graduationYear": "",
                    "guestSpeakers": false,
                    "housingComplex": "",
                    "intramuralSports": false,
                    "lastName": "",
                    "musicMinistry": false,
                    "parentEmail": "",
                    "parentName": "",
                    "parentPhone": "",
                    "permanentAddress": "",
                    "phoneNumber": "",
                    "proLifeClub": false,
                    "receiveMonthlyNewsletter": false,
                    "registerAsParishioner": false,
                    "retreats": false,
                    "school": "",
                    "serviceProjects": false,
                    "servingAtMass": false,
                    "socials": false,
                    "spanishBibleStudy": false,
                    "state": "",
                    "teachReligiousEd": false,
                    "zipCode": "",
                  }
                }
                handleChange={[Function]}
                handleNext={[Function]}
              />
            </React.Fragment>
          </WithStyles(Paper)>
        </main>,
      },
      "ref": null,
      "rendered": Object {
        "instance": null,
        "key": undefined,
        "nodeType": "host",
        "props": Object {
          "children": <WithStyles(Paper)>
            <WithStyles(Typography)
              align="center"
              component="h1"
              variant="h4"
            >
              Join Catholic Gators
            </WithStyles(Typography)>
            <WithStyles(Stepper)
              activeStep={0}
            >
              <WithStyles(Step)>
                <WithStyles(StepLabel)
                  classes={
                    Object {
                      "label": undefined,
                    }
                  }
                >
                  Personal information
                </WithStyles(StepLabel)>
              </WithStyles(Step)>
              <WithStyles(Step)>
                <WithStyles(StepLabel)
                  classes={
                    Object {
                      "label": undefined,
                    }
                  }
                >
                  Parent's information
                </WithStyles(StepLabel)>
              </WithStyles(Step)>
              <WithStyles(Step)>
                <WithStyles(StepLabel)
                  classes={
                    Object {
                      "label": undefined,
                    }
                  }
                >
                  Your interests
                </WithStyles(StepLabel)>
              </WithStyles(Step)>
            </WithStyles(Stepper)>
            <React.Fragment>
              <WithStyles(PersonalInformation)
                data={
                  Object {
                    "RHC": false,
                    "activeStep": 0,
                    "city": "",
                    "email": "",
                    "englishBibleStudy": false,
                    "eventsGraduateStudents": false,
                    "eventsGreekStudents": false,
                    "eventsLatinoStudents": false,
                    "firstName": "",
                    "freeFood": false,
                    "gender": "",
                    "graduationSemester": "",
                    "graduationYear": "",
                    "guestSpeakers": false,
                    "housingComplex": "",
                    "intramuralSports": false,
                    "lastName": "",
                    "musicMinistry": false,
                    "parentEmail": "",
                    "parentName": "",
                    "parentPhone": "",
                    "permanentAddress": "",
                    "phoneNumber": "",
                    "proLifeClub": false,
                    "receiveMonthlyNewsletter": false,
                    "registerAsParishioner": false,
                    "retreats": false,
                    "school": "",
                    "serviceProjects": false,
                    "servingAtMass": false,
                    "socials": false,
                    "spanishBibleStudy": false,
                    "state": "",
                    "teachReligiousEd": false,
                    "zipCode": "",
                  }
                }
                handleChange={[Function]}
                handleNext={[Function]}
              />
            </React.Fragment>
          </WithStyles(Paper)>,
          "className": undefined,
        },
        "ref": null,
        "rendered": Object {
          "instance": null,
          "key": undefined,
          "nodeType": "class",
          "props": Object {
            "children": Array [
              <WithStyles(Typography)
                align="center"
                component="h1"
                variant="h4"
              >
                Join Catholic Gators
              </WithStyles(Typography)>,
              <WithStyles(Stepper)
                activeStep={0}
              >
                <WithStyles(Step)>
                  <WithStyles(StepLabel)
                    classes={
                      Object {
                        "label": undefined,
                      }
                    }
                  >
                    Personal information
                  </WithStyles(StepLabel)>
                </WithStyles(Step)>
                <WithStyles(Step)>
                  <WithStyles(StepLabel)
                    classes={
                      Object {
                        "label": undefined,
                      }
                    }
                  >
                    Parent's information
                  </WithStyles(StepLabel)>
                </WithStyles(Step)>
                <WithStyles(Step)>
                  <WithStyles(StepLabel)
                    classes={
                      Object {
                        "label": undefined,
                      }
                    }
                  >
                    Your interests
                  </WithStyles(StepLabel)>
                </WithStyles(Step)>
              </WithStyles(Stepper)>,
              <React.Fragment>
                <WithStyles(PersonalInformation)
                  data={
                    Object {
                      "RHC": false,
                      "activeStep": 0,
                      "city": "",
                      "email": "",
                      "englishBibleStudy": false,
                      "eventsGraduateStudents": false,
                      "eventsGreekStudents": false,
                      "eventsLatinoStudents": false,
                      "firstName": "",
                      "freeFood": false,
                      "gender": "",
                      "graduationSemester": "",
                      "graduationYear": "",
                      "guestSpeakers": false,
                      "housingComplex": "",
                      "intramuralSports": false,
                      "lastName": "",
                      "musicMinistry": false,
                      "parentEmail": "",
                      "parentName": "",
                      "parentPhone": "",
                      "permanentAddress": "",
                      "phoneNumber": "",
                      "proLifeClub": false,
                      "receiveMonthlyNewsletter": false,
                      "registerAsParishioner": false,
                      "retreats": false,
                      "school": "",
                      "serviceProjects": false,
                      "servingAtMass": false,
                      "socials": false,
                      "spanishBibleStudy": false,
                      "state": "",
                      "teachReligiousEd": false,
                      "zipCode": "",
                    }
                  }
                  handleChange={[Function]}
                  handleNext={[Function]}
                />
              </React.Fragment>,
            ],
            "className": undefined,
          },
          "ref": null,
          "rendered": Array [
            Object {
              "instance": null,
              "key": undefined,
              "nodeType": "class",
              "props": Object {
                "align": "center",
                "children": "Join Catholic Gators",
                "component": "h1",
                "variant": "h4",
              },
              "ref": null,
              "rendered": "Join Catholic Gators",
              "type": [Function],
            },
            Object {
              "instance": null,
              "key": undefined,
              "nodeType": "class",
              "props": Object {
                "activeStep": 0,
                "children": Array [
                  <WithStyles(Step)>
                    <WithStyles(StepLabel)
                      classes={
                        Object {
                          "label": undefined,
                        }
                      }
                    >
                      Personal information
                    </WithStyles(StepLabel)>
                  </WithStyles(Step)>,
                  <WithStyles(Step)>
                    <WithStyles(StepLabel)
                      classes={
                        Object {
                          "label": undefined,
                        }
                      }
                    >
                      Parent's information
                    </WithStyles(StepLabel)>
                  </WithStyles(Step)>,
                  <WithStyles(Step)>
                    <WithStyles(StepLabel)
                      classes={
                        Object {
                          "label": undefined,
                        }
                      }
                    >
                      Your interests
                    </WithStyles(StepLabel)>
                  </WithStyles(Step)>,
                ],
                "className": undefined,
              },
              "ref": null,
              "rendered": Array [
                Object {
                  "instance": null,
                  "key": "Personal information",
                  "nodeType": "class",
                  "props": Object {
                    "children": <WithStyles(StepLabel)
                      classes={
                        Object {
                          "label": undefined,
                        }
                      }
                    >
                      Personal information
                    </WithStyles(StepLabel)>,
                  },
                  "ref": null,
                  "rendered": Object {
                    "instance": null,
                    "key": undefined,
                    "nodeType": "class",
                    "props": Object {
                      "children": "Personal information",
                      "classes": Object {
                        "label": undefined,
                      },
                    },
                    "ref": null,
                    "rendered": "Personal information",
                    "type": [Function],
                  },
                  "type": [Function],
                },
                Object {
                  "instance": null,
                  "key": "Parent's information",
                  "nodeType": "class",
                  "props": Object {
                    "children": <WithStyles(StepLabel)
                      classes={
                        Object {
                          "label": undefined,
                        }
                      }
                    >
                      Parent's information
                    </WithStyles(StepLabel)>,
                  },
                  "ref": null,
                  "rendered": Object {
                    "instance": null,
                    "key": undefined,
                    "nodeType": "class",
                    "props": Object {
                      "children": "Parent's information",
                      "classes": Object {
                        "label": undefined,
                      },
                    },
                    "ref": null,
                    "rendered": "Parent's information",
                    "type": [Function],
                  },
                  "type": [Function],
                },
                Object {
                  "instance": null,
                  "key": "Your interests",
                  "nodeType": "class",
                  "props": Object {
                    "children": <WithStyles(StepLabel)
                      classes={
                        Object {
                          "label": undefined,
                        }
                      }
                    >
                      Your interests
                    </WithStyles(StepLabel)>,
                  },
                  "ref": null,
                  "rendered": Object {
                    "instance": null,
                    "key": undefined,
                    "nodeType": "class",
                    "props": Object {
                      "children": "Your interests",
                      "classes": Object {
                        "label": undefined,
                      },
                    },
                    "ref": null,
                    "rendered": "Your interests",
                    "type": [Function],
                  },
                  "type": [Function],
                },
              ],
              "type": [Function],
            },
            Object {
              "instance": null,
              "key": undefined,
              "nodeType": "function",
              "props": Object {
                "children": <WithStyles(PersonalInformation)
                  data={
                    Object {
                      "RHC": false,
                      "activeStep": 0,
                      "city": "",
                      "email": "",
                      "englishBibleStudy": false,
                      "eventsGraduateStudents": false,
                      "eventsGreekStudents": false,
                      "eventsLatinoStudents": false,
                      "firstName": "",
                      "freeFood": false,
                      "gender": "",
                      "graduationSemester": "",
                      "graduationYear": "",
                      "guestSpeakers": false,
                      "housingComplex": "",
                      "intramuralSports": false,
                      "lastName": "",
                      "musicMinistry": false,
                      "parentEmail": "",
                      "parentName": "",
                      "parentPhone": "",
                      "permanentAddress": "",
                      "phoneNumber": "",
                      "proLifeClub": false,
                      "receiveMonthlyNewsletter": false,
                      "registerAsParishioner": false,
                      "retreats": false,
                      "school": "",
                      "serviceProjects": false,
                      "servingAtMass": false,
                      "socials": false,
                      "spanishBibleStudy": false,
                      "state": "",
                      "teachReligiousEd": false,
                      "zipCode": "",
                    }
                  }
                  handleChange={[Function]}
                  handleNext={[Function]}
                />,
              },
              "ref": null,
              "rendered": Object {
                "instance": null,
                "key": undefined,
                "nodeType": "class",
                "props": Object {
                  "data": Object {
                    "RHC": false,
                    "activeStep": 0,
                    "city": "",
                    "email": "",
                    "englishBibleStudy": false,
                    "eventsGraduateStudents": false,
                    "eventsGreekStudents": false,
                    "eventsLatinoStudents": false,
                    "firstName": "",
                    "freeFood": false,
                    "gender": "",
                    "graduationSemester": "",
                    "graduationYear": "",
                    "guestSpeakers": false,
                    "housingComplex": "",
                    "intramuralSports": false,
                    "lastName": "",
                    "musicMinistry": false,
                    "parentEmail": "",
                    "parentName": "",
                    "parentPhone": "",
                    "permanentAddress": "",
                    "phoneNumber": "",
                    "proLifeClub": false,
                    "receiveMonthlyNewsletter": false,
                    "registerAsParishioner": false,
                    "retreats": false,
                    "school": "",
                    "serviceProjects": false,
                    "servingAtMass": false,
                    "socials": false,
                    "spanishBibleStudy": false,
                    "state": "",
                    "teachReligiousEd": false,
                    "zipCode": "",
                  },
                  "handleChange": [Function],
                  "handleNext": [Function],
                },
                "ref": null,
                "rendered": null,
                "type": [Function],
              },
              "type": Symbol(react.fragment),
            },
          ],
          "type": [Function],
        },
        "type": "main",
      },
      "type": Symbol(react.fragment),
    },
  ],
  Symbol(enzyme.__options__): Object {
    "adapter": ReactSixteenAdapter {
      "options": Object {
        "enableComponentDidUpdateOnSetState": true,
        "legacyContextMode": "parent",
        "lifecycles": Object {
          "componentDidUpdate": Object {
            "onSetState": true,
          },
          "getChildContext": Object {
            "calledByRenderer": false,
          },
          "getDerivedStateFromError": true,
          "getDerivedStateFromProps": Object {
            "hasShouldComponentUpdateBug": false,
          },
          "getSnapshotBeforeUpdate": true,
          "setState": Object {
            "skipsComponentDidUpdateOnNullish": true,
          },
        },
      },
    },
    Symbol(enzyme.__providerValues__): undefined,
  },
  Symbol(enzyme.__providerValues__): Map {},
  Symbol(enzyme.__childContext__): null,
}
`;
