// Jest Snapshot v1, https://goo.gl/fbAQLP

exports[`ContactForm should match snapshot 1`] = `
<Fragment>
  <main
    className="test"
  >
    <WithStyles(ForwardRef(Paper))
      className="test"
    >
      <WithStyles(ForwardRef(Typography))
        align="center"
        component="h1"
        variant="h4"
      >
        Join Catholic Gators
      </WithStyles(ForwardRef(Typography))>
      <WithStyles(ForwardRef(Stepper))
        activeStep={0}
        className="test"
      >
        <WithStyles(ForwardRef(Step))
          key="Personal information"
        >
          <WithStyles(ForwardRef(StepLabel))
            classes={
              Object {
                "label": "test",
              }
            }
          >
            Personal information
          </WithStyles(ForwardRef(StepLabel))>
        </WithStyles(ForwardRef(Step))>
        <WithStyles(ForwardRef(Step))
          key="Parent's information"
        >
          <WithStyles(ForwardRef(StepLabel))
            classes={
              Object {
                "label": "test",
              }
            }
          >
            Parent's information
          </WithStyles(ForwardRef(StepLabel))>
        </WithStyles(ForwardRef(Step))>
        <WithStyles(ForwardRef(Step))
          key="Your interests"
        >
          <WithStyles(ForwardRef(StepLabel))
            classes={
              Object {
                "label": "test",
              }
            }
          >
            Your interests
          </WithStyles(ForwardRef(StepLabel))>
        </WithStyles(ForwardRef(Step))>
      </WithStyles(ForwardRef(Stepper))>
      <WithStyles(PersonalInformation)
        data={
          Object {
            "RHC": false,
            "activeStep": 0,
            "city": "",
            "email": "",
            "englishBibleStudy": false,
            "eventsGraduateStudents": false,
            "eventsGreekStudents": false,
            "eventsLatinoStudents": false,
            "firstName": "",
            "freeFood": false,
            "gender": "",
            "graduationSemester": "",
            "graduationYear": "",
            "guestSpeakers": false,
            "housingComplex": "",
            "intramuralSports": false,
            "lastName": "",
            "musicMinistry": false,
            "parentEmail": "",
            "parentName": "",
            "parentPhone": "",
            "permanentAddress": "",
            "phoneNumber": "",
            "proLifeClub": false,
            "receiveMonthlyNewsletter": false,
            "registerAsParishioner": false,
            "retreats": false,
            "school": "",
            "serviceProjects": false,
            "servingAtMass": false,
            "socials": false,
            "spanishBibleStudy": false,
            "state": "",
            "teachReligiousEd": false,
            "zipCode": "",
          }
        }
        handleChange={[Function]}
        handleNext={[Function]}
      />
    </WithStyles(ForwardRef(Paper))>
  </main>
</Fragment>
`;
