// Jest Snapshot v1, https://goo.gl/fbAQLP

exports[`EditableOptionRow should match snapshot 1`] = `
<div
  className="test"
  onMouseEnter={[Function]}
  onMouseLeave={[Function]}
>
  <WithStyles(ForwardRef(Checkbox))
    className="test"
    color="primary"
  />
  <WithStyles(EditableTextField)
    beginEditing={[MockFunction]}
    cancelEditing={[MockFunction]}
    deleteText={[MockFunction]}
    id="1"
    isEditing={false}
    isHovered={false}
    save={[MockFunction]}
    text="option"
  />
</div>
`;
